+ analyze_power_grid -net VPWR -voltage_file /mnt/c/Users/GP/Desktop/heichip/Heichip_final/heichips26-template/macros/heichips26_rimax/flow/librelane/runs/RUN_2026-09-14_13-42-39/56-openroad-irdropreport/net-VPWR.csv
[INFO PSM-0040] All shapes on net VPWR are connected.
########## IR report #################
Net              : VPWR
Corner           : nom_typ_1p20V_25C
Total power      : 2.05e-03 W
Supply voltage   : 1.20e+00 V
Worstcase voltage: 1.20e+00 V
Average voltage  : 1.20e+00 V
Average IR drop  : 9.51e-05 V
Worstcase IR drop: 2.63e-04 V
Percentage drop  : 0.02 %
######################################
+ analyze_power_grid -net VGND -voltage_file /mnt/c/Users/GP/Desktop/heichip/Heichip_final/heichips26-template/macros/heichips26_rimax/flow/librelane/runs/RUN_2026-09-14_13-42-39/56-openroad-irdropreport/net-VGND.csv
[INFO PSM-0040] All shapes on net VGND are connected.
########## IR report #################
Net              : VGND
Corner           : nom_typ_1p20V_25C
Total power      : 2.05e-03 W
Supply voltage   : 0.00e+00 V
Worstcase voltage: 2.15e-04 V
Average voltage  : 9.40e-05 V
Average IR drop  : 9.40e-05 V
Worstcase IR drop: 2.15e-04 V
Percentage drop  : 0.02 %
######################################
