
===========================================================================
 report_power
============================================================================
======================= nom_fast_1p32V_m40C Corner ===================================

Group                    Internal    Switching      Leakage        Total
                            Power        Power        Power        Power (Watts)
------------------------------------------------------------------------
Sequential           1.344078e-03 5.511513e-05 9.497994e-07 1.400143e-03  54.6%
Combinational        3.028745e-04 3.648901e-04 2.957504e-06 6.707222e-04  26.2%
Clock                2.190784e-04 2.607818e-04 1.337567e-05 4.932359e-04  19.2%
Macro                0.000000e+00 0.000000e+00 0.000000e+00 0.000000e+00   0.0%
Pad                  0.000000e+00 0.000000e+00 0.000000e+00 0.000000e+00   0.0%
------------------------------------------------------------------------
Total                1.866029e-03 6.807881e-04 1.728324e-05 2.564101e-03 100.0%
                            72.8%        26.6%         0.7%

