
===========================================================================
 report_power
============================================================================
======================= nom_typ_1p20V_25C Corner ===================================

Group                    Internal    Switching      Leakage        Total
                            Power        Power        Power        Power (Watts)
------------------------------------------------------------------------
Sequential           1.101454e-03 4.367228e-05 4.432302e-07 1.145569e-03  55.8%
Combinational        2.382368e-04 2.878863e-04 1.185827e-06 5.273089e-04  25.7%
Clock                1.712947e-04 2.050446e-04 3.643695e-06 3.799830e-04  18.5%
Macro                0.000000e+00 0.000000e+00 0.000000e+00 0.000000e+00   0.0%
Pad                  0.000000e+00 0.000000e+00 0.000000e+00 0.000000e+00   0.0%
------------------------------------------------------------------------
Total                1.510990e-03 5.366019e-04 5.272912e-06 2.052865e-03 100.0%
                            73.6%        26.1%         0.3%

