216. Printing statistics.

=== heichips26_RiMaX ===

        +----------Local Count, excluding submodules.
        |        +-Local Area, excluding submodules.
        |        | 
     6873        - wires
     6948        - wire bits
     1016        - public wires
     1091        - public wire bits
        8        - ports
       83        - port bits
     6913 1.02E+05 cells
       87  1104.97   sg13cmos5l_a21o_1
      905  8210.16   sg13cmos5l_a21oi_1
      130 1.89E+03   sg13cmos5l_a221oi_1
      267  2.9E+03   sg13cmos5l_a22oi_1
      113 1.03E+03   sg13cmos5l_and2_1
       14  177.811   sg13cmos5l_and3_1
       10  145.152   sg13cmos5l_and4_1
        5   36.288   sg13cmos5l_buf_1
      976 4.78E+04   sg13cmos5l_dfrbpq_1
      212 1.15E+03   sg13cmos5l_inv_1
      118 2.14E+03   sg13cmos5l_mux2_1
       48 1.83E+03   sg13cmos5l_mux4_1
      803 5.83E+03   sg13cmos5l_nand2_1
      101  916.272   sg13cmos5l_nand2b_1
      108  979.776   sg13cmos5l_nand3_1
       16  203.213   sg13cmos5l_nand3b_1
       34  370.138   sg13cmos5l_nand4_1
      673 4.88E+03   sg13cmos5l_nor2_1
       42  381.024   sg13cmos5l_nor2b_1
      110   997.92   sg13cmos5l_nor3_1
       48  522.547   sg13cmos5l_nor4_1
      802 7.28E+03   sg13cmos5l_o21ai_1
       61  553.392   sg13cmos5l_or2_1
       16  203.213   sg13cmos5l_or3_1
       10  145.152   sg13cmos5l_or4_1
      988 7.17E+03   sg13cmos5l_tiehi
        8   58.061   sg13cmos5l_tielo
      151 2.19E+03   sg13cmos5l_xnor2_1
       57  827.366   sg13cmos5l_xor2_1

   Chip area for module '\heichips26_RiMaX': 101928.342600
     of which used for sequential elements: 47813.068800 (46.91%)

