
20. Executing CHECK pass (checking for obvious problems).
Checking module heichips26_RiMaX...
Checking module OCDGroupX4...
Checking module OCDP3...
Checking module OCDP2...
Checking module PPUH...
Checking module OCDP1...
Checking module PPUF...
Checking module PRIM8_94R8...
Checking module full_adder...
Checking module RCA8...
Checking module MUX21_8...
Checking module TIM1_Hx...
Checking module MUX21_23...
Checking module Significand_T1Hx...
Checking module Exponent...
Checking module FlotiMaX_i1_94v1...
Checking module picorv32_pcpi_mul...
Checking module $paramod$c3e19269a7d5139d8258ab5ed768c74506be8a08\picorv32...
Checking module $paramod$92dd9ea158e51322f283335ab6d31f81a01009c3\pico_adapter_to_fpga...
Checking module OCDGroupX9...
Checking module half_adder...
Checking module ppu...
Found and reported 0 problems.
