208. Printing statistics.

=== heichips26_RiMaX ===

        +----------Local Count, excluding submodules.
        |        +-Local Area, excluding submodules.
        |        | 
     6277        - wires
     7543        - wire bits
      156        - public wires
     1360        - public wire bits
        8        - ports
       83        - port bits
     7327 4.94E+04 cells
     1160        -   $_ANDNOT_
      360        -   $_AND_
     2294        -   $_MUX_
      166        -   $_NAND_
      266        -   $_NOR_
      619        -   $_NOT_
      153        -   $_ORNOT_
      907        -   $_OR_
      116        -   $_XNOR_
      278        -   $_XOR_
     1008 4.94E+04   sg13cmos5l_dfrbpq_1

   Area for cell type $_ANDNOT_ is unknown!
   Area for cell type $_AND_ is unknown!
   Area for cell type $_MUX_ is unknown!
   Area for cell type $_NAND_ is unknown!
   Area for cell type $_NOR_ is unknown!
   Area for cell type $_NOT_ is unknown!
   Area for cell type $_ORNOT_ is unknown!
   Area for cell type $_OR_ is unknown!
   Area for cell type $_XNOR_ is unknown!
   Area for cell type $_XOR_ is unknown!

   Chip area for module '\heichips26_RiMaX': 49380.710400
     of which used for sequential elements: 49380.710400 (100.00%)

